# System Security Report - RepoReportEcho_092425
Generated: 2025-09-28T06:01:14Z
Host: runnervm3ublj
OS: Linux runnervm3ublj 6.11.0-1018-azure #18~24.04.1-Ubuntu SMP Sat Jun 28 04:46:03 UTC 2025 x86_64 x86_64 x86_64 GNU/Linux

## File System Security
### World-writable files in /tmp:
None found or access denied

## Process Security
### Running processes (top 10 by CPU):
USER         PID %CPU %MEM    VSZ   RSS TTY      STAT START   TIME COMMAND
runner      3347 66.6  0.1  25640 15868 pts/6    R+   06:01   0:00 python3 dialects/html/processor.py
root        3052  4.5  2.4 1376532 196008 ?      Sl   05:49   0:32 padawan-fw run su runner -p -c /home/runner/work/_temp/runtime-logs/command.sh --allow-list=localhost,https://github.com/,githubusercontent.com,https://raw.githubusercontent.com/,https://objects.githubusercontent.com/,https://codeload.github.com/,https://uploads.github.com/user-attachments/assets/,https://api.github.com/internal/user-attachments/assets/,https://api.github.com/advisories,https://github.githubassets.com/assets,https://*.githubusercontent.com,https://uploads.github.com,172.18.0.1,168.63.129.16,host.docker.internal,https://lfs.github.com/,https://github-cloud.githubusercontent.com/,https://github-cloud.s3.amazonaws.com/,https://api.githubcopilot.com/,https://api.githubcopilot.com/,,https://github.com,runnervm3ublj --log-file=/home/runner/work/_temp/runtime-logs/fw.jsonl
runner      3082  0.7  2.9 22592264 243884 ?     Sl   05:49   0:05 /home/runner/work/_temp/ghcca-node/node/bin/node --enable-source-maps /home/runner/work/_temp/copilot-developer-action-main/dist/index.js
runner      1810  0.6  1.6 274362764 130872 ?    Sl   05:49   0:04 /home/runner/actions-runner/cached/bin/Runner.Worker spawnclient 142 145
runner      1873  0.5  1.7 1399920 139884 ?      Sl   05:49   0:03 npm exec @playwright/mcp@0.0.40 --viewport-size 1280, 720 --output-dir /tmp/playwright-logs --allowed-origins localhost;localhost:*;127.0.0.1;127.0.0.1:*
root           1  0.4  0.1  22788 13812 ?        Ss   05:48   0:03 /sbin/init
runner      1796  0.2  1.2 274262972 105476 ?    Sl   05:48   0:01 /home/runner/actions-runner/cached/bin/Runner.Listener run
root        1028  0.1  0.4 452420 35564 ?        Sl   05:48   0:01 /usr/bin/python3 -u bin/WALinuxAgent-2.14.0.1-py3.12.egg -run-exthandlers
runner      1771  0.1  0.4 1257004 33580 ?       Sl   05:48   0:01 /tmp/provjobd215836347
root         320  0.1  0.0   3840  2880 ?        Ss   05:48   0:00 /usr/lib/linux-tools/6.11.0-1018-azure/hv_kvp_daemon -n

## Network Security
### Open network connections:
Active Internet connections (only servers)
Proto Recv-Q Send-Q Local Address           Foreign Address         State      
tcp        0      0 127.0.0.54:53           0.0.0.0:*               LISTEN     
tcp        0      0 0.0.0.0:22              0.0.0.0:*               LISTEN     
tcp        0      0 127.0.0.53:53           0.0.0.0:*               LISTEN     
tcp6       0      0 :::38721                :::*                    LISTEN     
tcp6       0      0 :::22                   :::*                    LISTEN     
tcp6       0      0 :::35975                :::*                    LISTEN     
tcp6       0      0 :::2301                 :::*                    LISTEN     
udp        0      0 127.0.0.54:53           0.0.0.0:*                          
udp        0      0 127.0.0.53:53           0.0.0.0:*                          
udp        0      0 10.1.0.184:68           0.0.0.0:*                          
udp        0      0 127.0.0.1:323           0.0.0.0:*                          
udp6       0      0 :::50519                :::*                               
udp6       0      0 ::1:323                 :::*                               

## System Resource Usage
### Disk usage:
Filesystem      Size  Used Avail Use% Mounted on
/dev/root        72G   53G   20G  74% /
tmpfs           3.9G   84K  3.9G   1% /dev/shm
tmpfs           1.6G  1.1M  1.6G   1% /run
tmpfs           5.0M     0  5.0M   0% /run/lock
/dev/sda16      881M   60M  760M   8% /boot
/dev/sda15      105M  6.2M   99M   6% /boot/efi
tmpfs           795M   12K  795M   1% /run/user/1001
tmpfs           795M   12K  795M   1% /run/user/0

### Memory usage:
MemTotal:        8134928 kB
MemFree:         4853516 kB
MemAvailable:    6726864 kB

## Security Configuration
### Firewall status:
UFW status unavailable

---
Report generated by Bash Dialect Processor
Lineage: RepoReportEcho_092425
